// Jest Snapshot v1, https://goo.gl/fbAQLP

exports[`About test 1`] = `
Array [
  <header>
    <div
      className="container"
    >
      <div
        className="flex-row"
      >
        <div
          className="header__CabinetInfo"
          onClick={[Function]}
        >
          <img
            alt="icon"
            className="mainIcon"
            draggable={false}
            onClick={null}
            src="/img/logo.svg"
            title={null}
          />
          <h3
            className="tilteApp"
          >
            Constructor
          </h3>
        </div>
        <div
          className="Navigator"
        >
          <i
            className=" about fas fa-2x fa-book"
            onClick={[Function]}
            title="Guide"
          />
          <img
            alt="icon"
            className="about"
            draggable={false}
            onClick={[Function]}
            src="/img/about_logo.svg"
            title="about"
          />
          <img
            alt="icon"
            className="logoutButton"
            draggable={false}
            onClick={[Function]}
            src="/img/logOut.svg"
            title="logOut"
          />
        </div>
      </div>
    </div>
  </header>,
  <section
    className="About"
  >
    <div
      className="container"
    >
      <div
        className="col-12"
      >
        <div
          className="About__information"
        >
          <img
            alt="img"
            className="information__logoAbout"
            src="/img/about.jpg"
          />
          <p
            className="developer"
          >
            <span>
              Developer:
            </span>
            Pavel Petrovich
          </p>
          <p
            className="year"
          >
            <span>
              Year:
            </span>
             
            2019
          </p>
        </div>
      </div>
    </div>
  </section>,
]
`;
