// Jest Snapshot v1, https://goo.gl/fbAQLP

exports[`Build test 1`] = `
Array [
  <header>
    <div
      className="container"
    >
      <div
        className="flex-row"
      >
        <div
          className="header__CabinetInfo"
          onClick={[Function]}
        >
          <img
            alt="icon"
            className="mainIcon"
            draggable={false}
            onClick={null}
            src="/img/logo.svg"
            title={null}
          />
          <h3
            className="tilteApp"
          >
            Constructor
          </h3>
        </div>
        <div
          className="Navigator"
        >
          <img
            alt="icon"
            className="about"
            draggable={false}
            onClick={[Function]}
            src="/img/about_logo.svg"
            title="about"
          />
          <img
            alt="icon"
            className="logoutButton"
            draggable={false}
            onClick={[Function]}
            src="/img/logOut.svg"
            title="logOut"
          />
        </div>
      </div>
    </div>
  </header>,
  <div
    className="Header"
    onClick={[Function]}
  >
    <div
      className="sc-AykKD jzBScL"
      onClick={[Function]}
    />
    <p
      className="warningEdit"
    >
      Click for start edit
    </p>
  </div>,
]
`;
