// Jest Snapshot v1, https://goo.gl/fbAQLP

exports[`Index test 1`] = `
<div
  className="LoginPage flex-column"
>
  <h1>
    Constructor
  </h1>
  <div
    className="LoginBox"
  >
    <h3
      className="sc-AykKC cSQYJJ"
      data-titlebuild={true}
      dir="up"
    >
      B
    </h3>
    <form
      className="LoginForm"
    >
      <h3>
        Connect form
      </h3>
      <p>
        E-mail
      </p>
      <input
        type="text"
      />
      <p>
        Password
      </p>
      <input
        autoComplete="off"
        placeholder="Enter the Password"
        type="password"
      />
      <input
        className="loginButton enterInput"
        onClick={[Function]}
        type="button"
        value="enter"
      />
      <input
        className="loginButton registration"
        onClick={[Function]}
        type="button"
        value="registration"
      />
    </form>
  </div>
</div>
`;

exports[`Index test 2`] = `
<div
  className="LoginPage flex-column"
>
  <h1>
    Constructor
  </h1>
  <div
    className="LoginBox"
  >
    <h3
      className="sc-AykKC cSQYJJ"
      data-titlebuild={true}
      dir="up"
    >
      B
    </h3>
    <form
      className="LoginForm"
    >
      <h3>
        Connect form
      </h3>
      <p>
        E-mail
      </p>
      <input
        type="text"
      />
      <p>
        Password
      </p>
      <input
        autoComplete="off"
        placeholder="Enter the Password"
        type="password"
      />
      <input
        className="loginButton enterInput"
        onClick={[Function]}
        type="button"
        value="enter"
      />
      <input
        className="loginButton registration"
        onClick={[Function]}
        type="button"
        value="registration"
      />
    </form>
  </div>
</div>
`;
