// Jest Snapshot v1, https://goo.gl/fbAQLP

exports[`List.js test  1`] = `
<div
  className="projectsList__list"
>
  <div
    className="item"
    data-id={0}
  >
    <p
      className="ProjectName"
    >
      Test1
    </p>
    <p
      className="ProjectType"
    >
      landing
    </p>
    <div
      className="projectController"
    >
      <input
        className="projectControllerButton_enter"
        onClick={[Function]}
        type="button"
        value="enter build"
      />
      <input
        className="projectControllerButton_delete"
        onClick={[Function]}
        type="button"
        value="delete"
      />
    </div>
  </div>
</div>
`;
