// Jest Snapshot v1, https://goo.gl/fbAQLP

exports[`ProjectsSection.jsx test  1`] = `
<section
  className="projectsList"
>
  <div
    className="container"
  >
    <div
      className="flex-column"
    >
      <div
        className="projectsList__box"
      >
        <h3>
          Your Projects
        </h3>
      </div>
      <div
        className="projectsList__list"
      >
        <div
          className="item"
          data-id={0}
        >
          <p
            className="ProjectName"
          >
            Test1
          </p>
          <p
            className="ProjectType"
          >
            landing
          </p>
          <div
            className="projectController"
          >
            <input
              className="projectControllerButton_enter"
              onClick={[Function]}
              type="button"
              value="enter build"
            />
            <input
              className="projectControllerButton_delete"
              onClick={[Function]}
              type="button"
              value="delete"
            />
          </div>
          <input
            className="productionButton"
            onClick={[Function]}
            type="button"
            value="Production"
          />
        </div>
      </div>
    </div>
  </div>
</section>
`;
